transformer_misc Summary:
AST Parsed     : 32/32 (100.00%)
Positive Passed: 32/32 (100.00%)
